// Jest Snapshot v1, https://goo.gl/fbAQLP

exports[`Matches snapshot. 1`] = `
<details
  class="disclosure-element"
  data-testid="disclosure"
>
  <summary
    class="disclosure-element__summary buttonish-element "
    data-title="Title"
    role="button"
  >
    Summary
  </summary>
  Children
</details>
`;
