// Jest Snapshot v1, https://goo.gl/fbAQLP

exports[`matches snapshot 1`] = `
<div
  class="app"
  data-testid="app"
>
  <header
    class="app__header"
  >
    <div
      class="menu-card"
    >
      <div
        class="card "
      >
        <nav
          class="menu"
        >
          <div
            class="menu-list"
          >
            <ul
              class="list unordered-list unordered-list--horizontal"
            >
              <li>
                <details
                  class="disclosure"
                >
                  <summary
                    accesskey="t"
                    class="disclosure__summary buttonish "
                    data-title="Toggle overflow menu [alt–t]."
                    role="button"
                  >
                    <img
                      alt=""
                      class="icon"
                      decoding="sync"
                      height="20"
                      loading="eager"
                      src="toggle-toolbar-icon.svg"
                      width="20"
                    />
                  </summary>
                  <div
                    class="toolbar-card"
                  >
                    <div
                      class="bubble-card"
                    >
                      <div
                        class="card "
                      >
                        <ul
                          class="list unordered-list unordered-list--grid"
                        >
                          <li>
                            <div
                              class="icon-button"
                            >
                              <button
                                accesskey="z"
                                class="buttonish "
                                data-title="Restore the previous state [alt–z]."
                              >
                                <img
                                  alt=""
                                  class="icon"
                                  decoding="sync"
                                  height="20"
                                  loading="eager"
                                  src="undo-icon.svg"
                                  width="20"
                                />
                              </button>
                              <label
                                class="icon-buttonish__label "
                              >
                                Undo
                              </label>
                            </div>
                          </li>
                          <li>
                            <div
                              class="icon-button"
                            >
                              <button
                                accesskey="y"
                                class="buttonish "
                                data-title="Reverse an undo [alt–y]."
                              >
                                <img
                                  alt=""
                                  class="icon"
                                  decoding="sync"
                                  height="20"
                                  loading="eager"
                                  src="redo-icon.svg"
                                  width="20"
                                />
                              </button>
                              <label
                                class="icon-buttonish__label "
                              >
                                Redo
                              </label>
                            </div>
                          </li>
                          <li>
                            <div
                              class="icon-button"
                            >
                              <button
                                accesskey="s"
                                class="buttonish "
                                data-title="Download file [alt–s]."
                              >
                                <img
                                  alt=""
                                  class="icon"
                                  decoding="sync"
                                  height="20"
                                  loading="eager"
                                  src="save-file-icon.svg"
                                  width="20"
                                />
                              </button>
                              <label
                                class="icon-buttonish__label "
                              >
                                Save
                              </label>
                            </div>
                          </li>
                          <li>
                            <div
                              class="icon-button"
                            >
                              <button
                                accesskey="|"
                                class="buttonish "
                                data-title="Add empty line [alt–|]."
                              >
                                <img
                                  alt=""
                                  class="icon"
                                  decoding="sync"
                                  height="20"
                                  loading="eager"
                                  src="add-divider-icon.svg"
                                  width="20"
                                />
                              </button>
                              <label
                                class="icon-buttonish__label "
                              >
                                Divide
                              </label>
                            </div>
                          </li>
                          <li>
                            <div
                              class="icon-button"
                            >
                              <button
                                class="buttonish "
                                data-title="Open save dialog."
                              >
                                <img
                                  alt=""
                                  class="icon"
                                  decoding="sync"
                                  height="20"
                                  loading="eager"
                                  src="save-file-as-icon.svg"
                                  width="20"
                                />
                              </button>
                              <label
                                class="icon-buttonish__label "
                              >
                                Save As…
                              </label>
                            </div>
                          </li>
                          <li>
                            <div
                              class="icon-button"
                            >
                              <button
                                accesskey="o"
                                class="buttonish "
                                data-title="Load an existing file [alt–o]."
                              >
                                <img
                                  alt=""
                                  class="icon"
                                  decoding="sync"
                                  height="20"
                                  loading="eager"
                                  src="load-file-icon.svg"
                                  width="20"
                                />
                              </button>
                              <label
                                class="icon-buttonish__label "
                              >
                                Open…
                              </label>
                            </div>
                          </li>
                          <li>
                            <div
                              class="icon-button"
                            >
                              <button
                                accesskey="n"
                                class="buttonish "
                                data-title="Create an empty file [alt–n]."
                              >
                                <img
                                  alt=""
                                  class="icon"
                                  decoding="sync"
                                  height="20"
                                  loading="eager"
                                  src="new-file-icon.svg"
                                  width="20"
                                />
                              </button>
                              <label
                                class="icon-buttonish__label "
                              >
                                New
                              </label>
                            </div>
                          </li>
                          <li>
                            <div
                              class="icon-button"
                            >
                              <button
                                accesskey="?"
                                class="buttonish "
                                data-title="Open documentation [alt–?]."
                              >
                                <img
                                  alt=""
                                  class="icon"
                                  decoding="sync"
                                  height="20"
                                  loading="eager"
                                  src="help-icon.svg"
                                  width="20"
                                />
                              </button>
                              <label
                                class="icon-buttonish__label "
                              >
                                Help
                              </label>
                            </div>
                          </li>
                        </ul>
                      </div>
                    </div>
                  </div>
                </details>
                <label
                  class="icon-buttonish__label"
                >
                  Menu
                </label>
              </li>
              <li>
                <div
                  class="icon-button"
                >
                  <button
                    accesskey="-"
                    class="buttonish "
                    data-title="Remove selected line(s) [alt–-]."
                  >
                    <img
                      alt=""
                      class="icon"
                      decoding="sync"
                      height="20"
                      loading="eager"
                      src="remove-line-icon.svg"
                      width="20"
                    />
                  </button>
                  <label
                    class="icon-buttonish__label "
                  >
                    Discard
                  </label>
                </div>
              </li>
              <li>
                <div
                  class="icon-button"
                >
                  <button
                    accesskey="+"
                    class="buttonish "
                    data-title="Add new line [alt–+]."
                  >
                    <img
                      alt=""
                      class="icon"
                      decoding="sync"
                      height="20"
                      loading="eager"
                      src="add-line-icon.svg"
                      width="20"
                    />
                  </button>
                  <label
                    class="icon-buttonish__label "
                  >
                    Add
                  </label>
                </div>
              </li>
            </ul>
          </div>
        </nav>
      </div>
    </div>
  </header>
  <main
    class="app__main"
  >
    <ul
      class="list table"
    />
  </main>
</div>
`;
