// Jest Snapshot v1, https://goo.gl/fbAQLP

exports[`matches snapshot 1`] = `
<div
  class="app"
  data-testid="app"
>
  <header
    class="app__header"
  >
    <div
      class="menu-card"
    >
      <div
        class="card "
      >
        <nav
          class="menu"
        >
          <ul
            class="list menu__list"
          >
            <li
              class="menu__list-item"
            >
              <div
                class="icon-button"
              >
                <button
                  accesskey="+"
                  class="buttonish "
                  title="Add new line [alt–+]."
                >
                  <img
                    alt=""
                    class="icon"
                    decoding="sync"
                    height="20"
                    loading="eager"
                    src="add-line-icon.svg"
                    width="20"
                  />
                </button>
                <label
                  class="icon-buttonish__label "
                >
                  Add
                </label>
              </div>
            </li>
            <li
              class="menu__list-item"
            >
              <div
                class="icon-button"
              >
                <button
                  accesskey="|"
                  class="buttonish "
                  title="Add group [alt–|]."
                >
                  <img
                    alt=""
                    class="icon"
                    decoding="sync"
                    height="20"
                    loading="eager"
                    src="add-group-icon.svg"
                    width="20"
                  />
                </button>
                <label
                  class="icon-buttonish__label "
                >
                  Group
                </label>
              </div>
            </li>
            <li
              class="menu__list-item"
            >
              <div
                class="icon-button"
              >
                <button
                  accesskey="-"
                  class="buttonish "
                  title="Remove selected line(s) [alt–-]."
                >
                  <img
                    alt=""
                    class="icon"
                    decoding="sync"
                    height="20"
                    loading="eager"
                    src="remove-line-icon.svg"
                    width="20"
                  />
                </button>
                <label
                  class="icon-buttonish__label "
                >
                  Discard
                </label>
              </div>
            </li>
            <li
              class="menu__list-item"
            >
              <div
                class="icon-button"
              >
                <button
                  accesskey="z"
                  class="buttonish "
                  title="Restore the previous state [alt–z]."
                >
                  <img
                    alt=""
                    class="icon"
                    decoding="sync"
                    height="20"
                    loading="eager"
                    src="undo-icon.svg"
                    width="20"
                  />
                </button>
                <label
                  class="icon-buttonish__label "
                >
                  Undo
                </label>
              </div>
            </li>
            <li
              class="menu__list-item"
            >
              <div
                class="icon-button"
              >
                <button
                  accesskey="y"
                  class="buttonish "
                  title="Reverse an undo [alt–y]."
                >
                  <img
                    alt=""
                    class="icon"
                    decoding="sync"
                    height="20"
                    loading="eager"
                    src="redo-icon.svg"
                    width="20"
                  />
                </button>
                <label
                  class="icon-buttonish__label "
                >
                  Redo
                </label>
              </div>
            </li>
            <li
              class="menu__list-item"
            >
              <div
                class="icon-button"
              >
                <button
                  accesskey="o"
                  class="buttonish "
                  title="Load an existing file [alt–o]."
                >
                  <img
                    alt=""
                    class="icon"
                    decoding="sync"
                    height="20"
                    loading="eager"
                    src="load-file-icon.svg"
                    width="20"
                  />
                </button>
                <label
                  class="icon-buttonish__label "
                >
                  Open…
                </label>
              </div>
            </li>
            <li
              class="menu__list-item"
            >
              <div
                class="icon-button"
              >
                <button
                  accesskey="s"
                  class="buttonish "
                  title="Download file [alt–s]."
                >
                  <img
                    alt=""
                    class="icon"
                    decoding="sync"
                    height="20"
                    loading="eager"
                    src="save-file-icon.svg"
                    width="20"
                  />
                </button>
                <label
                  class="icon-buttonish__label "
                >
                  Save
                </label>
              </div>
            </li>
            <li
              class="menu__list-item"
            >
              <div
                class="icon-button"
              >
                <button
                  class="buttonish "
                  title="Open save dialog."
                >
                  <img
                    alt=""
                    class="icon"
                    decoding="sync"
                    height="20"
                    loading="eager"
                    src="save-file-as-icon.svg"
                    width="20"
                  />
                </button>
                <label
                  class="icon-buttonish__label "
                >
                  Save As…
                </label>
              </div>
            </li>
            <li
              class="menu__list-item"
            >
              <div
                class="icon-button"
              >
                <button
                  accesskey="n"
                  class="buttonish "
                  title="Create an empty file [alt–n]."
                >
                  <img
                    alt=""
                    class="icon"
                    decoding="sync"
                    height="20"
                    loading="eager"
                    src="new-file-icon.svg"
                    width="20"
                  />
                </button>
                <label
                  class="icon-buttonish__label "
                >
                  New
                </label>
              </div>
            </li>
            <li
              class="menu__list-item"
            >
              <div
                class="icon-button"
              >
                <button
                  accesskey="?"
                  class="buttonish "
                  title="Open documentation [alt–?]."
                >
                  <img
                    alt=""
                    class="icon"
                    decoding="sync"
                    height="20"
                    loading="eager"
                    src="help-icon.svg"
                    width="20"
                  />
                </button>
                <label
                  class="icon-buttonish__label "
                >
                  Help
                </label>
              </div>
            </li>
          </ul>
        </nav>
      </div>
    </div>
  </header>
  <main
    class="app__main"
  >
    <article
      class="table"
    >
      <ul
        class="list table__list"
      />
    </article>
  </main>
</div>
`;
